Reading tickers from US_Sector_Data.xlsm
  3195 tickers to refresh  |  workers=6
  resume cache: 0 tickers already done
  to fetch now: 3195
  50/3195 (1.6%)  errors=12  elapsed=0.2m  (OCGN)
  100/3195 (3.1%)  errors=25  elapsed=0.3m  (UAL)
  150/3195 (4.7%)  errors=40  elapsed=0.5m  (LUMN)
  200/3195 (6.3%)  errors=54  elapsed=0.6m  (FLO)
  250/3195 (7.8%)  errors=69  elapsed=0.8m  (DCP)
  300/3195 (9.4%)  errors=83  elapsed=0.9m  (BJ)
  350/3195 (11.0%)  errors=99  elapsed=1.1m  (RADLY)
  400/3195 (12.5%)  errors=113  elapsed=1.2m  (STBA)
  450/3195 (14.1%)  errors=133  elapsed=1.4m  (CCXI)
  500/3195 (15.6%)  errors=151  elapsed=1.6m  (VNT)
  550/3195 (17.2%)  errors=171  elapsed=1.7m  (ME)
  600/3195 (18.8%)  errors=184  elapsed=1.9m  (DVAX)
  650/3195 (20.3%)  errors=200  elapsed=2.0m  (KRNY)
  700/3195 (21.9%)  errors=219  elapsed=2.2m  (OAS)
  750/3195 (23.5%)  errors=235  elapsed=2.3m  (FNGD)
  800/3195 (25.0%)  errors=245  elapsed=2.5m  (FAST)
  850/3195 (26.6%)  errors=260  elapsed=2.7m  (PSMT)
  900/3195 (28.2%)  errors=273  elapsed=3.1m  (RVT)
  950/3195 (29.7%)  errors=303  elapsed=3.5m  (VNDA)
  1000/3195 (31.3%)  errors=316  elapsed=3.9m  (IIPR)
  1050/3195 (32.9%)  errors=335  elapsed=4.2m  (MBINN)
  1100/3195 (34.4%)  errors=360  elapsed=4.4m  (BBBY)
  1150/3195 (36.0%)  errors=378  elapsed=4.5m  (TPTX)
  1200/3195 (37.6%)  errors=393  elapsed=4.7m  (AFINP)
  1250/3195 (39.1%)  errors=412  elapsed=4.9m  (NABL)
  1300/3195 (40.7%)  errors=426  elapsed=5.0m  (HCXLY)
  1350/3195 (42.3%)  errors=453  elapsed=5.2m  (HUBS)
  1400/3195 (43.8%)  errors=467  elapsed=5.4m  (DEA)
  1450/3195 (45.4%)  errors=478  elapsed=5.7m  (MTZ)
  1500/3195 (46.9%)  errors=490  elapsed=5.9m  (GBCI)
  1550/3195 (48.5%)  errors=510  elapsed=6.0m  (NCRRP)
  1600/3195 (50.1%)  errors=530  elapsed=6.3m  (POWI)
  1650/3195 (51.6%)  errors=541  elapsed=6.4m  (SBAC)
  1700/3195 (53.2%)  errors=550  elapsed=6.5m  (KIM)
  1750/3195 (54.8%)  errors=572  elapsed=6.7m  (IHRTB)
  1800/3195 (56.3%)  errors=595  elapsed=6.9m  (ECOL)
  1850/3195 (57.9%)  errors=616  elapsed=7.1m  (ADGI)
  1900/3195 (59.5%)  errors=640  elapsed=7.2m  (NVG)
  1950/3195 (61.0%)  errors=656  elapsed=7.4m  (GRWG)
  2000/3195 (62.6%)  errors=672  elapsed=9.5m  (INTC)
  2050/3195 (64.2%)  errors=685  elapsed=9.7m  (AVT)
  2100/3195 (65.7%)  errors=702  elapsed=9.8m  (AJG)
  2150/3195 (67.3%)  errors=716  elapsed=10.0m  (MKC)
  2200/3195 (68.9%)  errors=731  elapsed=10.1m  (SBCF)
  2250/3195 (70.4%)  errors=751  elapsed=11.4m  (WSO)
  2300/3195 (72.0%)  errors=764  elapsed=11.9m  (SAFE)
  2350/3195 (73.6%)  errors=774  elapsed=12.3m  (GS PR J)
  2400/3195 (75.1%)  errors=793  elapsed=12.4m  (RZB)
  2450/3195 (76.7%)  errors=810  elapsed=12.5m  (TXG)
  2500/3195 (78.2%)  errors=827  elapsed=12.6m  (ARKO)
  2550/3195 (79.8%)  errors=847  elapsed=12.7m  (VIAC)
  2600/3195 (81.4%)  errors=862  elapsed=14.8m  (THG)
  2650/3195 (82.9%)  errors=876  elapsed=14.9m  (LBRDP)
  2700/3195 (84.5%)  errors=894  elapsed=15.0m  (SWBI)
  2750/3195 (86.1%)  errors=911  elapsed=15.1m  (CMC)
  2800/3195 (87.6%)  errors=920  elapsed=15.2m  (LEN)
  2850/3195 (89.2%)  errors=948  elapsed=15.4m  (NLY PR I)
  2900/3195 (90.8%)  errors=973  elapsed=15.5m  (TEX)
  2950/3195 (92.3%)  errors=991  elapsed=15.6m  (CTSH)
  3000/3195 (93.9%)  errors=1004  elapsed=17.7m  (OBMP)
  3050/3195 (95.5%)  errors=1015  elapsed=17.8m  (CHK)
  3100/3195 (97.0%)  errors=1024  elapsed=17.9m  (AGNC)
  3150/3195 (98.6%)  errors=1041  elapsed=18.0m  (KAHC.U)

Fetch complete: 3195/3195 done, 1054 errors, 18.1m
  errors logged → refresh_errors.csv

Writing refreshed workbook ...
  2141 rows updated
✓ Done → US_Sector_Data_Updated_2026-07-02.xlsm

=== Coverage (of 3189 fetched) ===
  mcap        2049  (64%)
  rev_fy1     2031  (64%)
  rev_g1      2021  (63%)
  eps_fy1     2078  (65%)
  eps_fy2     1919  (60%)
  eg1         1333  (42%)
  pe_fy1      1585  (50%)
  pe_fy2      1924  (60%)
  peg_fy1     1445  (45%)
  de          1780  (56%)
  margin      2089  (66%)
  divy        1256  (39%)
  surp_fq0    1867  (59%)
  next_eps    2069  (65%)
  errors:     1048
